
> perfect_engineer@0.1.0 build
> next build

   Γû▓ Next.js 16.0.7 (Turbopack)
   - Environments: .env.local, .env

   Creating an optimized production build ...
 Γ£ô Compiled successfully in 54s
   Running TypeScript ...
   Collecting page data using 7 workers ...
node.exe : Warning: You have opted-out of Automatic Static Optimization due to `getInitialProps` in `pages/_app`. 
This does not opt-out pages with `getStaticProps`
At line:1 char:1
+ & "C:\Program Files\nodejs/node.exe" "C:\Users\VINIT\AppData\Roaming\ ...
+ ~~~~~~~~~~~~~~~~~~~~~~~~~~~~~~~~~~~~~~~~~~~~~~~~~~~~~~~~~~~~~~~~~~~~~
    + CategoryInfo          : NotSpecified: (Warning: You ha...getStaticProps`:String) [], RemoteException
    + FullyQualifiedErrorId : NativeCommandError
 
Read more: https://nextjs.org/docs/messages/opt-out-auto-static-optimization

   Generating static pages using 7 workers (0/21) ...
   Generating static pages using 7 workers (5/21) 
   Generating static pages using 7 workers (10/21) 
   Generating static pages using 7 workers (15/21) 
 Γ£ô Generating static pages using 7 workers (21/21) in 5.4s
   Finalizing page optimization ...

Route (app)
Γöî Γùï /_not-found
Γö£ ╞Æ /api/send-demo-mail
Γöö ╞Æ /studio/[[...tool]]

Route (pages)                           Revalidate  Expire
Γöî ΓùÅ / (2229 ms)                                10s      1y
Γö£   /_app
Γö£ ΓùÅ /[slug] (26264 ms)                         10s      1y
Γöé Γö£ /recent-post-section (2368 ms)
Γöé Γö£ /about (2334 ms)
Γöé Γö£ /slilent-fetured-section (2330 ms)
Γöé Γö£ /aboutleftsection (2318 ms)
Γöé Γö£ /titletext (2277 ms)
Γöé Γö£ /productiontimesection (2220 ms)
Γöé Γö£ /demosection (2128 ms)
Γöé Γöö [+11 more paths] (avg 935 ms)
Γöö ╞Æ /api/hello

Γùï  (Static)   prerendered as static content
ΓùÅ  (SSG)      prerendered as static HTML (uses generateStaticParams)
╞Æ  (Dynamic)  server-rendered on demand

